DELETE /api/v1/clinic-holidays/:date DeleteClinicHoliday
DELETE /api/v1/clinics/:clinic_id DeleteClinic
DELETE /api/v1/clinics/:clinic_id/owners/:id/lstep/tags/:tag_name DeleteOwnerLstepTag
DELETE /api/v1/clinics/:clinic_id/pets/:id/death DeletePetDeath
DELETE /api/v1/closing-settings/holidays/:date DeleteClinicHoliday
DELETE /api/v1/closing-settings/special-periods/:id DeleteSpecialPeriod
DELETE /api/v1/inventory/:id DeleteInventory
DELETE /api/v1/lstep-tag-config/auto-managed-prefixes/:id DeleteAutoManagedPrefix
DELETE /api/v1/lstep-tag-config/condition-tag-mappings/:id DeleteConditionTagMapping
DELETE /api/v1/lstep-tag-config/send-purpose-tag-prefixes/:id DeleteSendPurposeTagPrefix
DELETE /api/v1/masters/animal-species/:id DeleteAnimalSpecies
DELETE /api/v1/masters/merchandise-items/:id DeleteMerchandiseItem
DELETE /api/v1/masters/occupations/:id DeleteOccupation
DELETE /api/v1/masters/permission-groups/:id DeletePermissionGroup
DELETE /api/v1/masters/staffs/:id DeleteStaff
DELETE /api/v1/masters/trimming-course-types/:id DeleteTrimmingCourseType
DELETE /api/v1/masters/trimming-courses/:id DeleteTrimmingCourse
DELETE /api/v1/masters/trimming-options/:id DeleteTrimmingOption
DELETE /api/v1/owners/:id DeleteOwner
DELETE /api/v1/owners/:id/line DeleteOwnerLine
DELETE /api/v1/owners/:id/lstep/tags/:tag_name DeleteOwnerLstepTag
DELETE /api/v1/pets/:id DeletePet
DELETE /api/v1/pets/:id/chronic-conditions/:cc_id DeleteChronicCondition
DELETE /api/v1/pets/:id/death DeletePetDeath
DELETE /api/v1/shared-files/:id DeleteSharedFile
DELETE /api/v1/shift-templates/:id DeleteShiftTemplate
DELETE /api/v1/shifts/:id DeleteShiftEntry
DELETE /api/v1/trimmings/:id DeleteTrimming
GET /api/v1/clinic-holidays ListClinicHolidays
GET /api/v1/clinics ListClinics
GET /api/v1/clinics/:clinic_id GetClinic
GET /api/v1/clinics/:clinic_id/lstep-tag-code-mappings ListTagCodeMappings
GET /api/v1/clinics/:clinic_id/lstep/analytics/delivery-stats GetLstepMonthlyDeliveryStats
GET /api/v1/clinics/:clinic_id/lstep/analytics/visit-conversion GetLstepVisitConversionSummary
GET /api/v1/clinics/:clinic_id/lstep/checkup-sync/preview GetCheckupSyncPreview
GET /api/v1/clinics/:clinic_id/lstep/csv-imports ListLstepCsvImports
GET /api/v1/clinics/:clinic_id/lstep/delivery-monitor/logs GetLstepDeliveryTriggerLogs
GET /api/v1/clinics/:clinic_id/lstep/delivery-monitor/summary GetLstepDeliveryTriggerSummary
GET /api/v1/clinics/:clinic_id/lstep/owners SearchLstepOwnersByTag
GET /api/v1/clinics/:clinic_id/lstep/tag-summary GetLstepTagSummary
GET /api/v1/clinics/:clinic_id/lstep/trigger-priorities GetLstepTriggerPriorities
GET /api/v1/clinics/:clinic_id/owners/:id/lstep/friend-attributes GetLstepOwnerFriendAttributes
GET /api/v1/clinics/:clinic_id/owners/:id/lstep/tags GetOwnerLstepTags
GET /api/v1/clinics/:clinic_id/owners/aggregations ListOwnerAggregation
GET /api/v1/closing-settings GetClosingSettings
GET /api/v1/closing-settings/holidays ListClinicHolidays
GET /api/v1/closing-settings/special-periods ListSpecialPeriods
GET /api/v1/company GetCompany
GET /api/v1/inventory ListInventory
GET /api/v1/inventory/:id GetInventory
GET /api/v1/lstep-tag-code-mappings ListTagCodeMappings
GET /api/v1/lstep-tag-config/auto-managed-prefixes ListAutoManagedPrefixes
GET /api/v1/lstep-tag-config/condition-tag-mappings ListConditionTagMappings
GET /api/v1/lstep-tag-config/send-purpose-tag-prefixes ListSendPurposeTagPrefixes
GET /api/v1/lstep/delivery-monitor/logs GetLstepDeliveryTriggerLogs
GET /api/v1/lstep/delivery-monitor/summary GetLstepDeliveryTriggerSummary
GET /api/v1/lstep/owners SearchLstepOwnersByTag
GET /api/v1/lstep/tag-summary GetLstepTagSummary
GET /api/v1/lstep/trigger-priorities GetLstepTriggerPriorities
GET /api/v1/masters/animal-species ListAnimalSpecies
GET /api/v1/masters/animal-species/:id GetAnimalSpecies
GET /api/v1/masters/merchandise-items ListMerchandiseItems
GET /api/v1/masters/merchandise-items/:id GetMerchandiseItem
GET /api/v1/masters/occupations ListOccupations
GET /api/v1/masters/occupations/:id GetOccupation
GET /api/v1/masters/permission-groups ListPermissionGroups
GET /api/v1/masters/permission-groups/:id GetPermissionGroup
GET /api/v1/masters/staffs ListStaffs
GET /api/v1/masters/staffs/:id GetStaff
GET /api/v1/masters/staffs/:id/capable-reservation-types GetStaffCapableReservationTypes
GET /api/v1/masters/staffs/:id/clinics GetStaffClinicAssignments
GET /api/v1/masters/staffs/:id/excluded-reservation-types GetStaffExcludedReservationTypes
GET /api/v1/masters/staffs/:id/permission-groups GetStaffPermissionGroups
GET /api/v1/masters/trimming-course-types ListTrimmingCourseTypes
GET /api/v1/masters/trimming-course-types/:id GetTrimmingCourseType
GET /api/v1/masters/trimming-courses ListTrimmingCourses
GET /api/v1/masters/trimming-courses/:id GetTrimmingCourse
GET /api/v1/masters/trimming-options ListTrimmingOptions
GET /api/v1/masters/trimming-options/:id GetTrimmingOption
GET /api/v1/me GetMe
GET /api/v1/owners ListOwners
GET /api/v1/owners/:id GetOwner
GET /api/v1/owners/:id/lstep/tags GetOwnerLstepTags
GET /api/v1/pets ListPets
GET /api/v1/pets/:id GetPet
GET /api/v1/pets/:id/chronic-conditions ListChronicConditions
GET /api/v1/pets/:id/first-visit GetPetFirstVisit
GET /api/v1/shared-files ListSharedFiles
GET /api/v1/shared-files/:id/signed-url GetSharedFileSignedURL
GET /api/v1/shift-templates ListShiftTemplates
GET /api/v1/shift-templates/:id GetShiftTemplate
GET /api/v1/shifts ListShiftEntries
GET /api/v1/shifts/on-duty-staffs GetOnDutyStaffs
GET /api/v1/trimmings ListTrimmings
GET /api/v1/trimmings/:id GetTrimming
GET /health Health
GET /uploads/*filepath func1
HEAD /uploads/*filepath func1
PATCH /api/v1/clinics/:clinic_id UpdateClinic
PATCH /api/v1/clinics/:clinic_id/lstep/trigger-priorities UpdateLstepTriggerPriorities
PATCH /api/v1/clinics/:clinic_id/owners/:id/delivery-caution UpdateOwnerDeliveryCaution
PATCH /api/v1/clinics/:clinic_id/owners/:id/delivery-exclusion UpdateOwnerDeliveryExclusion
PATCH /api/v1/clinics/:clinic_id/owners/:id/line-id-confirm UpdateOwnerLineIDConfirm
PATCH /api/v1/clinics/:clinic_id/owners/:id/line-user-id UpdateOwnerLineUserID
PATCH /api/v1/clinics/:clinic_id/owners/:id/transfer-status UpdateOwnerTransferStatus
PATCH /api/v1/clinics/:clinic_id/pets/:id/death UpdatePetDeath
PATCH /api/v1/closing-settings UpdateClosingSettings
PATCH /api/v1/closing-settings/special-periods/:id UpdateSpecialPeriod
PATCH /api/v1/company UpdateCompany
PATCH /api/v1/inventory/:id UpdateInventory
PATCH /api/v1/lstep/trigger-priorities UpdateLstepTriggerPriorities
PATCH /api/v1/masters/animal-species/:id UpdateAnimalSpecies
PATCH /api/v1/masters/animal-species/reorder ReorderAnimalSpecies
PATCH /api/v1/masters/merchandise-items/:id UpdateMerchandiseItem
PATCH /api/v1/masters/merchandise-items/reorder ReorderMerchandiseItems
PATCH /api/v1/masters/occupations/:id UpdateOccupation
PATCH /api/v1/masters/occupations/reorder ReorderOccupations
PATCH /api/v1/masters/permission-groups/:id UpdatePermissionGroup
PATCH /api/v1/masters/permission-groups/reorder ReorderPermissionGroups
PATCH /api/v1/masters/staffs/:id UpdateStaff
PATCH /api/v1/masters/staffs/reorder ReorderStaffs
PATCH /api/v1/masters/trimming-course-types/:id UpdateTrimmingCourseType
PATCH /api/v1/masters/trimming-course-types/reorder ReorderTrimmingCourseTypes
PATCH /api/v1/masters/trimming-courses/:id UpdateTrimmingCourse
PATCH /api/v1/masters/trimming-courses/reorder ReorderTrimmingCourses
PATCH /api/v1/masters/trimming-options/:id UpdateTrimmingOption
PATCH /api/v1/masters/trimming-options/reorder ReorderTrimmingOptions
PATCH /api/v1/owners/:id UpdateOwner
PATCH /api/v1/owners/:id/delivery-caution UpdateOwnerDeliveryCaution
PATCH /api/v1/owners/:id/delivery-exclusion UpdateOwnerDeliveryExclusion
PATCH /api/v1/owners/:id/line UpdateOwnerLineUserID
PATCH /api/v1/owners/:id/line-id-confirm UpdateOwnerLineIDConfirm
PATCH /api/v1/owners/:id/line-user-id UpdateOwnerLineUserID
PATCH /api/v1/owners/:id/lstep/opt-out PatchOwnerLstepOptOut
PATCH /api/v1/owners/:id/transfer-status UpdateOwnerTransferStatus
PATCH /api/v1/pets/:id UpdatePet
PATCH /api/v1/pets/:id/chronic-conditions/:cc_id UpdateChronicCondition
PATCH /api/v1/pets/:id/death UpdatePetDeath
PATCH /api/v1/shift-templates/:id UpdateShiftTemplate
PATCH /api/v1/shift-templates/reorder ReorderShiftTemplates
PATCH /api/v1/shifts/:id UpdateShiftEntry
PATCH /api/v1/trimmings/:id UpdateTrimming
POST /api/v1/auth/forgot-password ForgotPassword
POST /api/v1/auth/refresh RefreshToken
POST /api/v1/auth/reset-password ResetPassword
POST /api/v1/clinic-holidays SetClinicHoliday
POST /api/v1/clinics CreateClinic
POST /api/v1/clinics/:clinic_id/lstep/checkup-sync CreateCheckupSync
POST /api/v1/clinics/:clinic_id/lstep/csv-imports/friend-attributes ImportLstepFriendAttributesCsv
POST /api/v1/clinics/:clinic_id/owners/:id/lstep-opt-out UpdateOwnerLstepOptOut
POST /api/v1/clinics/:clinic_id/owners/:id/lstep/tags AddOwnerLstepTag
POST /api/v1/closing-settings/holidays SetClinicHoliday
POST /api/v1/closing-settings/special-periods CreateSpecialPeriod
POST /api/v1/inventory CreateInventory
POST /api/v1/login Login
POST /api/v1/logout Logout
POST /api/v1/lstep-tag-config/auto-managed-prefixes CreateAutoManagedPrefix
POST /api/v1/lstep-tag-config/condition-tag-mappings CreateConditionTagMapping
POST /api/v1/lstep-tag-config/send-purpose-tag-prefixes CreateSendPurposeTagPrefix
POST /api/v1/masters/animal-species CreateAnimalSpecies
POST /api/v1/masters/merchandise-items CreateMerchandiseItem
POST /api/v1/masters/occupations CreateOccupation
POST /api/v1/masters/permission-groups CreatePermissionGroup
POST /api/v1/masters/staffs CreateStaff
POST /api/v1/masters/trimming-course-types CreateTrimmingCourseType
POST /api/v1/masters/trimming-courses CreateTrimmingCourse
POST /api/v1/masters/trimming-options CreateTrimmingOption
POST /api/v1/owners CreateOwner
POST /api/v1/owners/:id/lstep-opt-out UpdateOwnerLstepOptOut
POST /api/v1/owners/:id/lstep/tags AddOwnerLstepTag
POST /api/v1/pets CreatePet
POST /api/v1/pets/:id/chronic-conditions CreateChronicCondition
POST /api/v1/shared-files UploadSharedFile
POST /api/v1/shift-templates CreateShiftTemplate
POST /api/v1/shifts CreateShiftEntry
POST /api/v1/trimmings CreateTrimming
PUT /api/v1/clinics/:clinic_id/lstep-tag-code-mappings/:tag_name ReplaceTagCodeMappingsForTag
PUT /api/v1/lstep-tag-code-mappings/:tag_name ReplaceTagCodeMappingsForTag
PUT /api/v1/masters/permission-groups/:id/rules SetPermissionGroupRules
PUT /api/v1/masters/staffs/:id/capable-reservation-types SetStaffCapableReservationTypes
PUT /api/v1/masters/staffs/:id/clinics SetStaffClinicAssignments
PUT /api/v1/masters/staffs/:id/excluded-reservation-types SetStaffExcludedReservationTypes
PUT /api/v1/masters/staffs/:id/permission-groups SetStaffPermissionGroups
PUT /api/v1/users/me/password ChangeMyPassword
